

================================================================
== Vivado HLS Report for 'dut'
================================================================
* Date:           Wed Dec 14 17:42:56 2022

* Version:        2016.2 (Build 1577090 on Thu Jun 02 16:59:10 MDT 2016)
* Project:        digitrec.prj
* Solution:       solution1
* Product family: zynq
* Target device:  xc7z020clg484-1


================================================================
== Performance Estimates
================================================================
+ Timing (ns): 
    * Summary: 
    +--------+-------+----------+------------+
    |  Clock | Target| Estimated| Uncertainty|
    +--------+-------+----------+------------+
    |ap_clk  |  10.00|      8.42|        1.25|
    +--------+-------+----------+------------+

+ Latency (clock cycles): 
    * Summary: 
    +--------+---------+--------+---------+---------+
    |      Latency     |     Interval     | Pipeline|
    |   min  |   max   |   min  |   max   |   Type  |
    +--------+---------+--------+---------+---------+
    |  596548|  6844839|  596549|  6844840|   none  |
    +--------+---------+--------+---------+---------+

    + Detail: 
        * Instance: 
        +-----------------------------------------+------------------------------+------+-------+------+-------+---------+
        |                                         |                              |    Latency   |   Interval   | Pipeline|
        |                 Instance                |            Module            |  min |  max  |  min |  max  |   Type  |
        +-----------------------------------------+------------------------------+------+-------+------+-------+---------+
        |grp_dut_mergeW_fu_791                    |dut_mergeW                    |   821|   1231|   821|   1231|   none  |
        |grp_dut_otsu_fu_805                      |dut_otsu                      |  7938|  21250|  7938|  21250|   none  |
        |grp_dut_conn_comp_1st_pass_white_fu_830  |dut_conn_comp_1st_pass_white  |     1|     16|     1|     16|   none  |
        |grp_dut_conn_comp_1st_pass_black_fu_842  |dut_conn_comp_1st_pass_black  |     1|     16|     1|     16|   none  |
        +-----------------------------------------+------------------------------+------+-------+------+-------+---------+

        * Loop: 
        +-------------+---------+---------+-------------+-----------+-----------+-------+----------+
        |             |      Latency      |  Iteration  |  Initiation Interval  |  Trip |          |
        |  Loop Name  |   min   |   max   |   Latency   |  achieved |   target  | Count | Pipelined|
        +-------------+---------+---------+-------------+-----------+-----------+-------+----------+
        |- Loop 1     |      256|      256|            1|          -|          -|    256|    no    |
        |- Loop 2     |   588350|   588350|           14|          -|          -|  42025|    no    |
        | + Loop 2.1  |       12|       12|            3|          -|          -|      4|    no    |
        |- Loop 3     |      256|      256|            1|          -|          -|    256|    no    |
        |- Loop 4     |  1470875|  6513875|   35 ~ 155  |          -|          -|  42025|    no    |
        | + Loop 4.1  |       16|       76|    8 ~ 38   |          -|          -|      2|    no    |
        | + Loop 4.2  |       16|       76|    8 ~ 38   |          -|          -|      2|    no    |
        |- Loop 5     |   262400|   328960| 1025 ~ 1285 |          -|          -|    256|    no    |
        | + Loop 5.1  |     1020|     1275|    4 ~ 5    |          -|          -|    255|    no    |
        |- Loop 6     |      512|      512|            2|          -|          -|    256|    no    |
        +-------------+---------+---------+-------------+-----------+-----------+-------+----------+



================================================================
== Utilization Estimates
================================================================
* Summary: 
+-----------------+---------+-------+--------+-------+
|       Name      | BRAM_18K| DSP48E|   FF   |  LUT  |
+-----------------+---------+-------+--------+-------+
|DSP              |        -|      -|       -|      -|
|Expression       |        -|      -|       0|   5224|
|FIFO             |        -|      -|       -|      -|
|Instance         |        -|      9|    9824|  64975|
|Memory           |       12|      -|       0|      0|
|Multiplexer      |        -|      -|       -|  29188|
|Register         |        -|      -|   36489|      -|
+-----------------+---------+-------+--------+-------+
|Total            |       12|      9|   46313|  99387|
+-----------------+---------+-------+--------+-------+
|Available        |      280|    220|  106400|  53200|
+-----------------+---------+-------+--------+-------+
|Utilization (%)  |        4|      4|      43|    186|
+-----------------+---------+-------+--------+-------+

+ Detail: 
    * Instance: 
    +-----------------------------------------+------------------------------+---------+-------+------+-------+
    |                 Instance                |            Module            | BRAM_18K| DSP48E|  FF  |  LUT  |
    +-----------------------------------------+------------------------------+---------+-------+------+-------+
    |grp_dut_conn_comp_1st_pass_black_fu_842  |dut_conn_comp_1st_pass_black  |        0|      0|   136|    242|
    |grp_dut_conn_comp_1st_pass_white_fu_830  |dut_conn_comp_1st_pass_white  |        0|      0|   136|    250|
    |grp_dut_mergeW_fu_791                    |dut_mergeW                    |        0|      0|  6639|  60363|
    |grp_dut_otsu_fu_805                      |dut_otsu                      |        0|      9|  2913|   4120|
    +-----------------------------------------+------------------------------+---------+-------+------+-------+
    |Total                                    |                              |        0|      9|  9824|  64975|
    +-----------------------------------------+------------------------------+---------+-------+------+-------+

    * DSP48: 
    N/A

    * Memory: 
    +----------------+----------------+---------+---+----+------+-----+------+-------------+
    |     Memory     |     Module     | BRAM_18K| FF| LUT| Words| Bits| Banks| W*Bits*Banks|
    +----------------+----------------+---------+---+----+------+-----+------+-------------+
    |histogram_U     |dut_histogram   |        1|  0|   0|   256|   32|     1|         8192|
    |dice_value_U    |dut_histogram   |        1|  0|   0|   256|   32|     1|         8192|
    |size_U          |dut_size        |        2|  0|   0|   256|   32|     1|         8192|
    |size2_U         |dut_size        |        2|  0|   0|   256|   32|     1|         8192|
    |un_class_V_U    |dut_un_class_V  |        1|  0|   0|   256|    8|     1|         2048|
    |un_classW_V_U   |dut_un_class_V  |        1|  0|   0|   256|    8|     1|         2048|
    |label_V_U       |dut_un_class_V  |        1|  0|   0|   256|    8|     1|         2048|
    |un_class2_V_U   |dut_un_class_V  |        1|  0|   0|   256|    8|     1|         2048|
    |un_classW2_V_U  |dut_un_class_V  |        1|  0|   0|   256|    8|     1|         2048|
    |label2_V_U      |dut_un_class_V  |        1|  0|   0|   256|    8|     1|         2048|
    +----------------+----------------+---------+---+----+------+-----+------+-------------+
    |Total           |                |       12|  0|   0|  2560|  176|    10|        45056|
    +----------------+----------------+---------+---+----+------+-----+------+-------------+

    * FIFO: 
    N/A

    * Expression: 
    +-------------------------+----------+-------+---+------+------------+------------+
    |      Variable Name      | Operation| DSP48E| FF|  LUT | Bitwidth P0| Bitwidth P1|
    +-------------------------+----------+-------+---+------+------------+------------+
    |grp_fu_953_p2            |     +    |      0|  0|    32|          32|           1|
    |i_3_fu_1065_p2           |     +    |      0|  0|     9|           9|           1|
    |i_4_fu_1082_p2           |     +    |      0|  0|    16|          16|           1|
    |i_5_fu_1094_p2           |     +    |      0|  0|     3|           3|           1|
    |i_6_fu_1586_p2           |     +    |      0|  0|     2|           2|           2|
    |i_7_fu_1886_p2           |     +    |      0|  0|     2|           2|           2|
    |j_1_fu_1268_p2           |     +    |      0|  0|    16|          16|           1|
    |k_1_fu_2086_p2           |     +    |      0|  0|     9|           9|           2|
    |l_1_fu_2098_p2           |     +    |      0|  0|     9|           9|           1|
    |m_1_fu_1243_p2           |     +    |      0|  0|     9|           9|           1|
    |m_2_fu_1922_p2           |     +    |      0|  0|     8|           8|           1|
    |size2_d1                 |     +    |      0|  0|    32|          32|          32|
    |size_d1                  |     +    |      0|  0|    32|          32|          32|
    |tmp_1_i_fu_1224_p2       |     +    |      0|  0|    32|           1|          32|
    |tmp_39_fu_1567_p2        |     +    |      0|  0|    32|           1|          32|
    |tmp_40_fu_1549_p2        |     +    |      0|  0|    32|           1|          32|
    |tmp_42_fu_1574_p2        |     +    |      0|  0|    32|          32|           1|
    |tmp_50_fu_1867_p2        |     +    |      0|  0|    32|           1|          32|
    |tmp_51_fu_1849_p2        |     +    |      0|  0|    32|           1|          32|
    |tmp_53_fu_1874_p2        |     +    |      0|  0|    32|          32|           1|
    |tmp_100_fu_1142_p2       |     -    |      0|  0|     6|           6|           6|
    |tmp_102_fu_1154_p2       |     -    |      0|  0|     6|           6|           6|
    |tmp_106_fu_1184_p2       |     -    |      0|  0|     6|           5|           6|
    |tmp_118_fu_1632_p2       |     -    |      0|  0|     6|           6|           6|
    |tmp_120_fu_1644_p2       |     -    |      0|  0|     6|           6|           6|
    |tmp_124_fu_1674_p2       |     -    |      0|  0|     6|           5|           6|
    |tmp_78_fu_1332_p2        |     -    |      0|  0|     6|           6|           6|
    |tmp_80_fu_1344_p2        |     -    |      0|  0|     6|           6|           6|
    |tmp_84_fu_1374_p2        |     -    |      0|  0|     6|           5|           6|
    |ap_sig_241               |    and   |      0|  0|     1|           1|           1|
    |ap_sig_246               |    and   |      0|  0|     1|           1|           1|
    |ap_sig_848               |    and   |      0|  0|     1|           1|           1|
    |or_cond1_fu_1977_p2      |    and   |      0|  0|     1|           1|           1|
    |or_cond_fu_1954_p2       |    and   |      0|  0|     1|           1|           1|
    |p_Result_14_fu_1210_p2   |    and   |      0|  0|    44|          32|          32|
    |p_Result_15_fu_1400_p2   |    and   |      0|  0|    44|          32|          32|
    |p_Result_16_fu_1700_p2   |    and   |      0|  0|    44|          32|          32|
    |exitcond1_fu_1237_p2     |   icmp   |      0|  0|     4|           9|          10|
    |exitcond2_fu_1059_p2     |   icmp   |      0|  0|     4|           9|          10|
    |exitcond3_fu_1262_p2     |   icmp   |      0|  0|     6|          16|          16|
    |exitcond4_fu_1076_p2     |   icmp   |      0|  0|     6|          16|          16|
    |exitcond5_fu_1916_p2     |   icmp   |      0|  0|     3|           8|           2|
    |exitcond_fu_2092_p2      |   icmp   |      0|  0|     4|           9|          10|
    |exitcond_i_fu_1088_p2    |   icmp   |      0|  0|     2|           3|           4|
    |not_tmp_1_fu_2054_p2     |   icmp   |      0|  0|    11|          32|           3|
    |not_tmp_s_fu_2006_p2     |   icmp   |      0|  0|    11|          32|           3|
    |phitmp1_fu_2048_p2       |   icmp   |      0|  0|    11|          32|           7|
    |phitmp_fu_2000_p2        |   icmp   |      0|  0|    11|          32|           7|
    |tmp_114_fu_1618_p2       |   icmp   |      0|  0|     2|           4|           4|
    |tmp_31_fu_1053_p2        |   icmp   |      0|  0|    11|          32|           1|
    |tmp_34_fu_1274_p2        |   icmp   |      0|  0|     6|          16|           8|
    |tmp_41_fu_1561_p2        |   icmp   |      0|  0|    11|          32|           9|
    |tmp_44_fu_2109_p2        |   icmp   |      0|  0|    11|          32|           1|
    |tmp_46_fu_1939_p2        |   icmp   |      0|  0|     1|           2|           1|
    |tmp_48_fu_1949_p2        |   icmp   |      0|  0|     3|           8|           8|
    |tmp_49_fu_1933_p2        |   icmp   |      0|  0|     3|           9|           9|
    |tmp_52_fu_1861_p2        |   icmp   |      0|  0|    11|          32|           9|
    |tmp_57_fu_2017_p2        |   icmp   |      0|  0|     3|           8|           1|
    |tmp_58_fu_1959_p2        |   icmp   |      0|  0|     1|           2|           1|
    |tmp_62_fu_1972_p2        |   icmp   |      0|  0|     3|           8|           8|
    |tmp_63_fu_2038_p2        |   icmp   |      0|  0|     1|           2|           1|
    |tmp_64_fu_1982_p2        |   icmp   |      0|  0|     1|           2|           1|
    |tmp_67_fu_2065_p2        |   icmp   |      0|  0|     3|           8|           1|
    |tmp_74_fu_1318_p2        |   icmp   |      0|  0|     2|           5|           5|
    |tmp_96_fu_1118_p2        |   icmp   |      0|  0|     2|           5|           5|
    |tmp_s_fu_1005_p2         |   icmp   |      0|  0|    11|          32|           1|
    |ult3_fu_1710_p2          |   icmp   |      0|  0|     3|           8|           8|
    |ult_fu_1410_p2           |   icmp   |      0|  0|     3|           8|           8|
    |tmp_109_fu_1198_p2       |   lshr   |      0|  0|    88|          32|          32|
    |tmp_110_fu_1204_p2       |   lshr   |      0|  0|    88|           2|          32|
    |tmp_127_fu_1688_p2       |   lshr   |      0|  0|    88|          32|          32|
    |tmp_128_fu_1694_p2       |   lshr   |      0|  0|    88|           2|          32|
    |tmp_87_fu_1388_p2        |   lshr   |      0|  0|    88|          32|          32|
    |tmp_88_fu_1394_p2        |   lshr   |      0|  0|    88|           2|          32|
    |Hi_assign_2_fu_1312_p2   |    or    |      0|  0|     7|           5|           3|
    |Hi_assign_3_fu_1612_p2   |    or    |      0|  0|     7|           4|           3|
    |Hi_assign_fu_1112_p2     |    or    |      0|  0|     7|           5|           3|
    |brmerge1_fu_2076_p2      |    or    |      0|  0|     1|           1|           1|
    |brmerge_fu_2028_p2       |    or    |      0|  0|     1|           1|           1|
    |tmp1_fu_2023_p2          |    or    |      0|  0|     1|           1|           1|
    |tmp2_fu_2071_p2          |    or    |      0|  0|     1|           1|           1|
    |tmp_fu_999_p2            |    or    |      0|  0|    44|          32|          32|
    |mid_bW_V_1_fu_1280_p3    |  select  |      0|  0|  3296|           1|        3296|
    |mid_bval_V_1_fu_1288_p3  |  select  |      0|  0|   412|           1|         412|
    |tmp_103_fu_1160_p3       |  select  |      0|  0|     6|           1|           6|
    |tmp_104_fu_1168_p3       |  select  |      0|  0|    32|           1|          32|
    |tmp_105_fu_1176_p3       |  select  |      0|  0|     6|           1|           6|
    |tmp_121_fu_1650_p3       |  select  |      0|  0|     6|           1|           6|
    |tmp_122_fu_1658_p3       |  select  |      0|  0|    32|           1|          32|
    |tmp_123_fu_1666_p3       |  select  |      0|  0|     6|           1|           6|
    |tmp_81_fu_1350_p3        |  select  |      0|  0|     6|           1|           6|
    |tmp_82_fu_1358_p3        |  select  |      0|  0|    32|           1|          32|
    |tmp_83_fu_1366_p3        |  select  |      0|  0|     6|           1|           6|
    |output_V_1_fu_1716_p2    |    xor   |      0|  0|     2|           1|           2|
    |output_V_fu_1416_p2      |    xor   |      0|  0|     2|           1|           2|
    |tmp_101_fu_1148_p2       |    xor   |      0|  0|     8|           6|           5|
    |tmp_119_fu_1638_p2       |    xor   |      0|  0|     8|           6|           5|
    |tmp_79_fu_1338_p2        |    xor   |      0|  0|     8|           6|           5|
    +-------------------------+----------+-------+---+------+------------+------------+
    |Total                    |          |      0|  0|  5224|        1036|        4669|
    +-------------------------+----------+-------+---+------+------------+------------+

    * Multiplexer: 
    +-----------------------------------------------------------+------+-----------+------+-----------+
    |                            Name                           |  LUT | Input Size| Bits | Total Bits|
    +-----------------------------------------------------------+------+-----------+------+-----------+
    |add2_reg_671                                               |     2|          3|     2|          6|
    |add_1_reg_742                                              |     2|          2|     2|          4|
    |add_reg_655                                                |     2|          3|     2|          6|
    |add_size2_reg_707                                          |     2|          3|     2|          6|
    |add_size_2_reg_761                                         |     2|          2|     2|          4|
    |add_size_reg_691                                           |     2|          3|     2|          6|
    |ap_NS_fsm                                                  |    66|         39|     1|         39|
    |column_value                                               |    32|          2|    32|         64|
    |column_value2                                              |    32|          2|    32|         64|
    |dice_value_address0                                        |     8|          7|     8|         56|
    |dice_value_d0                                              |    32|          3|    32|         96|
    |grp_dut_conn_comp_1st_pass_black_fu_842_in_buffer_V        |   412|          3|   412|       1236|
    |grp_dut_conn_comp_1st_pass_black_fu_842_labelNoB_V_read    |     8|          3|     8|         24|
    |grp_dut_conn_comp_1st_pass_black_fu_842_out_bufferW_V      |  3296|          3|  3296|       9888|
    |grp_dut_conn_comp_1st_pass_black_fu_842_out_buffer_V_read  |  3296|          3|  3296|       9888|
    |grp_dut_conn_comp_1st_pass_black_fu_842_x                  |    32|          3|    32|         96|
    |grp_dut_conn_comp_1st_pass_black_fu_842_y                  |    32|          3|    32|         96|
    |grp_dut_conn_comp_1st_pass_white_fu_830_in_buffer_V        |   412|          3|   412|       1236|
    |grp_dut_conn_comp_1st_pass_white_fu_830_labelNoW_V_read    |     8|          3|     8|         24|
    |grp_dut_conn_comp_1st_pass_white_fu_830_out_buffer_V_read  |  3296|          3|  3296|       9888|
    |grp_dut_conn_comp_1st_pass_white_fu_830_x                  |    32|          3|    32|         96|
    |grp_dut_conn_comp_1st_pass_white_fu_830_y                  |    32|          3|    32|         96|
    |histogram_address0                                         |     8|          5|     8|         40|
    |histogram_ce0                                              |     1|          3|     1|          3|
    |histogram_d0                                               |    32|          3|    32|         96|
    |i1_reg_551                                                 |    16|          2|    16|         32|
    |i3_reg_619                                                 |     2|          2|     2|          4|
    |i4_reg_631                                                 |     2|          2|     2|          4|
    |i_i_reg_562                                                |     3|          2|     3|          6|
    |i_reg_540                                                  |     9|          2|     9|         18|
    |in_buffer2_V                                               |   412|          2|   412|        824|
    |in_buffer_V                                                |   412|          2|   412|        824|
    |j_reg_608                                                  |    16|          2|    16|         32|
    |k_reg_643                                                  |     9|          2|     9|         18|
    |l_reg_780                                                  |     9|          2|     9|         18|
    |label2_V_address0                                          |     8|          4|     8|         32|
    |label2_V_ce0                                               |     1|          3|     1|          3|
    |label2_V_d0                                                |     8|          3|     8|         24|
    |label2_V_we0                                               |     1|          3|     1|          3|
    |label_V_address0                                           |     8|          4|     8|         32|
    |label_V_ce0                                                |     1|          3|     1|          3|
    |label_V_d0                                                 |     8|          3|     8|         24|
    |label_V_we0                                                |     1|          3|     1|          3|
    |m7_reg_727                                                 |     8|          2|     8|         16|
    |m_reg_573                                                  |     9|          2|     9|         18|
    |out_buffer2_V                                              |  3296|          2|  3296|       6592|
    |out_bufferW2_V                                             |  3296|          2|  3296|       6592|
    |out_bufferW_V                                              |  3296|          2|  3296|       6592|
    |out_buffer_V                                               |  3296|          2|  3296|       6592|
    |p_1_reg_584                                                |  3296|          2|  3296|       6592|
    |p_2_reg_596                                                |   412|          2|   412|        824|
    |p_s_phi_fu_532_p4                                          |    32|          3|    32|         96|
    |row_value                                                  |    32|          2|    32|         64|
    |row_value2                                                 |    32|          2|    32|         64|
    |size2_address0                                             |     8|          5|     8|         40|
    |size2_address1                                             |     8|          4|     8|         32|
    |size2_d0                                                   |    32|          3|    32|         96|
    |size_address0                                              |     8|          5|     8|         40|
    |size_address1                                              |     8|          4|     8|         32|
    |size_d0                                                    |    32|          3|    32|         96|
    |strm_in_V_V_blk_n                                          |     1|          2|     1|          2|
    |strm_out_V_V_blk_n                                         |     1|          2|     1|          2|
    |strm_out_V_V_din                                           |     8|          3|     8|         24|
    |un_class2_V_address0                                       |     8|          5|     8|         40|
    |un_class2_V_ce0                                            |     1|          3|     1|          3|
    |un_class2_V_d0                                             |     8|          3|     8|         24|
    |un_class2_V_we0                                            |     1|          3|     1|          3|
    |un_classW2_V_address0                                      |     8|          5|     8|         40|
    |un_classW2_V_ce0                                           |     1|          4|     1|          4|
    |un_classW2_V_d0                                            |     8|          3|     8|         24|
    |un_classW2_V_we0                                           |     1|          3|     1|          3|
    |un_classW_V_address0                                       |     8|          6|     8|         48|
    |un_classW_V_ce0                                            |     1|          4|     1|          4|
    |un_classW_V_d0                                             |     8|          4|     8|         32|
    |un_classW_V_we0                                            |     1|          4|     1|          4|
    |un_class_V_address0                                        |     8|          5|     8|         40|
    |un_class_V_ce0                                             |     1|          3|     1|          3|
    |un_class_V_d0                                              |     8|          3|     8|         24|
    |un_class_V_we0                                             |     1|          3|     1|          3|
    +-----------------------------------------------------------+------+-----------+------+-----------+
    |Total                                                      | 29188|        274| 29123|      69667|
    +-----------------------------------------------------------+------+-----------+------+-----------+

    * Register: 
    +---------------------------------------------------------+------+----+------+-----------+
    |                           Name                          |  FF  | LUT| Bits | Const Bits|
    +---------------------------------------------------------+------+----+------+-----------+
    |add2_reg_671                                             |     2|   0|     2|          0|
    |add_1_reg_742                                            |     2|   0|     2|          0|
    |add_reg_655                                              |     2|   0|     2|          0|
    |add_size2_reg_707                                        |     2|   0|     2|          0|
    |add_size_2_reg_761                                       |     2|   0|     2|          0|
    |add_size_reg_691                                         |     2|   0|     2|          0|
    |ap_CS_fsm                                                |    38|   0|    38|          0|
    |ap_reg_grp_dut_conn_comp_1st_pass_black_fu_842_ap_start  |     1|   0|     1|          0|
    |ap_reg_grp_dut_conn_comp_1st_pass_white_fu_830_ap_start  |     1|   0|     1|          0|
    |ap_reg_grp_dut_mergeW_fu_791_ap_start                    |     1|   0|     1|          0|
    |ap_reg_grp_dut_otsu_fu_805_ap_start                      |     1|   0|     1|          0|
    |brmerge1_reg_2457                                        |     1|   0|     1|          0|
    |brmerge_reg_2424                                         |     1|   0|     1|          0|
    |chunk_V_1_reg_2151                                       |     8|   0|     8|          0|
    |column_value                                             |    32|   0|    32|          0|
    |column_value2                                            |    32|   0|    32|          0|
    |dice_value_addr_2_reg_2428                               |     8|   0|     8|          0|
    |dice_value_addr_3_reg_2461                               |     8|   0|     8|          0|
    |histogram_addr_2_reg_2156                                |     8|   0|     8|          0|
    |i1_reg_551                                               |    16|   0|    16|          0|
    |i3_reg_619                                               |     2|   0|     2|          0|
    |i4_reg_631                                               |     2|   0|     2|          0|
    |i_4_reg_2138                                             |    16|   0|    16|          0|
    |i_5_reg_2146                                             |     3|   0|     3|          0|
    |i_i_reg_562                                              |     3|   0|     3|          0|
    |i_reg_540                                                |     9|   0|     9|          0|
    |in_buffer2_V                                             |   412|   0|   412|          0|
    |in_buffer_V                                              |   412|   0|   412|          0|
    |j_1_reg_2172                                             |    16|   0|    16|          0|
    |j_reg_608                                                |    16|   0|    16|          0|
    |k_reg_643                                                |     9|   0|     9|          0|
    |l_1_reg_2474                                             |     9|   0|     9|          0|
    |l_reg_780                                                |     9|   0|     9|          0|
    |labelNoB2_V                                              |     8|   0|     8|          0|
    |labelNoB_V                                               |     8|   0|     8|          0|
    |labelNoW2_V                                              |     8|   0|     8|          0|
    |labelNoW_V                                               |     8|   0|     8|          0|
    |m7_reg_727                                               |     8|   0|     8|          0|
    |m_2_reg_2341                                             |     8|   0|     8|          0|
    |m_reg_573                                                |     9|   0|     9|          0|
    |mid_bW_V_1_reg_2177                                      |  3296|   0|  3296|          0|
    |mid_bval_V_1_reg_2182                                    |   412|   0|   412|          0|
    |not_tmp_1_reg_2447                                       |     1|   0|     1|          0|
    |not_tmp_s_reg_2414                                       |     1|   0|     1|          0|
    |or_cond_reg_2375                                         |     1|   0|     1|          0|
    |out_buffer2_V                                            |  3296|   0|  3296|          0|
    |out_bufferW2_V                                           |  3296|   0|  3296|          0|
    |out_bufferW_V                                            |  3296|   0|  3296|          0|
    |out_buffer_V                                             |  3296|   0|  3296|          0|
    |p_1_reg_584                                              |  3296|   0|  3296|          0|
    |p_2_reg_596                                              |   412|   0|   412|          0|
    |p_Result_11_reg_2257                                     |  3296|   0|  3296|          0|
    |p_Result_12_reg_2267                                     |  3296|   0|  3296|          0|
    |p_Result_4_reg_2205                                      |  3296|   0|  3296|          0|
    |p_Result_5_reg_2215                                      |  3296|   0|  3296|          0|
    |p_Result_9_reg_2252                                      |   412|   0|   412|          0|
    |p_Result_s_reg_2200                                      |   412|   0|   412|          0|
    |phitmp1_reg_2442                                         |     1|   0|     1|          0|
    |phitmp_reg_2409                                          |     1|   0|     1|          0|
    |reg_960                                                  |    32|   0|    32|          0|
    |reg_965                                                  |   412|   0|   412|          0|
    |reg_971                                                  |    32|   0|    32|          0|
    |reg_977                                                  |    32|   0|    32|          0|
    |reg_983                                                  |     8|   0|     8|          0|
    |reg_987                                                  |    32|   0|    32|          0|
    |reg_993                                                  |    32|   0|    32|          0|
    |row_value                                                |    32|   0|    32|          0|
    |row_value2                                               |    32|   0|    32|          0|
    |size2_addr_1_reg_2320                                    |     8|   0|     8|          0|
    |size2_addr_2_reg_2287                                    |     8|   0|     8|          0|
    |size2_addr_3_reg_2399                                    |     8|   0|     8|          0|
    |size_addr_1_reg_2314                                     |     8|   0|     8|          0|
    |size_addr_2_reg_2230                                     |     8|   0|     8|          0|
    |size_addr_3_reg_2383                                     |     8|   0|     8|          0|
    |threshold_value_V                                        |     8|   0|     8|          0|
    |tmp_31_reg_2123                                          |     1|   0|     1|          0|
    |tmp_41_reg_2235                                          |     1|   0|     1|          0|
    |tmp_46_reg_2366                                          |     1|   0|     1|          0|
    |tmp_47_reg_2348                                          |     8|   0|    64|         56|
    |tmp_49_reg_2360                                          |     1|   0|     1|          0|
    |tmp_52_reg_2292                                          |     1|   0|     1|          0|
    |tmp_58_reg_2379                                          |     1|   0|     1|          0|
    |tmp_63_reg_2433                                          |     1|   0|     1|          0|
    |ult3_reg_2247                                            |     1|   0|     1|          0|
    |ult_reg_2195                                             |     1|   0|     1|          0|
    |un_class2_V_load_reg_2333                                |     8|   0|     8|          0|
    |un_class_V_load_reg_2326                                 |     8|   0|     8|          0|
    +---------------------------------------------------------+------+----+------+-----------+
    |Total                                                    | 36489|   0| 36545|         56|
    +---------------------------------------------------------+------+----+------+-----------+



================================================================
== Interface
================================================================
* Summary: 
+---------------------+-----+-----+------------+--------------+--------------+
|      RTL Ports      | Dir | Bits|  Protocol  | Source Object|    C Type    |
+---------------------+-----+-----+------------+--------------+--------------+
|ap_clk               |  in |    1| ap_ctrl_hs |      dut     | return value |
|ap_rst               |  in |    1| ap_ctrl_hs |      dut     | return value |
|ap_start             |  in |    1| ap_ctrl_hs |      dut     | return value |
|ap_done              | out |    1| ap_ctrl_hs |      dut     | return value |
|ap_idle              | out |    1| ap_ctrl_hs |      dut     | return value |
|ap_ready             | out |    1| ap_ctrl_hs |      dut     | return value |
|strm_in_V_V_dout     |  in |   32|   ap_fifo  |  strm_in_V_V |    pointer   |
|strm_in_V_V_empty_n  |  in |    1|   ap_fifo  |  strm_in_V_V |    pointer   |
|strm_in_V_V_read     | out |    1|   ap_fifo  |  strm_in_V_V |    pointer   |
|strm_out_V_V_din     | out |    8|   ap_fifo  | strm_out_V_V |    pointer   |
|strm_out_V_V_full_n  |  in |    1|   ap_fifo  | strm_out_V_V |    pointer   |
|strm_out_V_V_write   | out |    1|   ap_fifo  | strm_out_V_V |    pointer   |
|rows                 |  in |   32|   ap_none  |     rows     |    scalar    |
|cols                 |  in |   32|   ap_none  |     cols     |    scalar    |
|otsu_mode            |  in |   32|   ap_none  |   otsu_mode  |    scalar    |
+---------------------+-----+-----+------------+--------------+--------------+

